// Jest Snapshot v1, https://goo.gl/fbAQLP

exports[`BetAdminPageContainer renders without errors 1`] = `
ShallowWrapper {
  Symbol(enzyme.__root__): [Circular],
  Symbol(enzyme.__unrendered__): <BetAdminPageContainer
    data={
      Object {
        "findBet": Object {
          "amount": "mockAmount",
          "description": "mockDescription",
          "options": Array [
            Object {
              "_id": "mockId",
              "title": "mockTitle",
            },
            Object {
              "_id": "mockId",
              "title": "mockTitle",
            },
          ],
          "partecipants": Array [
            "mockPartecipant",
          ],
          "title": "mockTitle",
        },
      }
    }
  />,
  Symbol(enzyme.__renderer__): Object {
    "batchedUpdates": [Function],
    "getNode": [Function],
    "render": [Function],
    "simulateError": [Function],
    "simulateEvent": [Function],
    "unmount": [Function],
  },
  Symbol(enzyme.__node__): Object {
    "instance": null,
    "key": undefined,
    "nodeType": "function",
    "props": Object {
      "children": <BetAdminCard
        amount="mockAmount"
        description="mockDescription"
        options={
          Array [
            Object {
              "_id": "mockId",
              "title": "mockTitle",
            },
            Object {
              "_id": "mockId",
              "title": "mockTitle",
            },
          ]
        }
        partecipants={
          Array [
            "mockPartecipant",
          ]
        }
        title="mockTitle"
      />,
    },
    "ref": null,
    "rendered": Object {
      "instance": null,
      "key": undefined,
      "nodeType": "function",
      "props": Object {
        "amount": "mockAmount",
        "description": "mockDescription",
        "options": Array [
          Object {
            "_id": "mockId",
            "title": "mockTitle",
          },
          Object {
            "_id": "mockId",
            "title": "mockTitle",
          },
        ],
        "partecipants": Array [
          "mockPartecipant",
        ],
        "title": "mockTitle",
      },
      "ref": null,
      "rendered": null,
      "type": [Function],
    },
    "type": Symbol(react.fragment),
  },
  Symbol(enzyme.__nodes__): Array [
    Object {
      "instance": null,
      "key": undefined,
      "nodeType": "function",
      "props": Object {
        "children": <BetAdminCard
          amount="mockAmount"
          description="mockDescription"
          options={
            Array [
              Object {
                "_id": "mockId",
                "title": "mockTitle",
              },
              Object {
                "_id": "mockId",
                "title": "mockTitle",
              },
            ]
          }
          partecipants={
            Array [
              "mockPartecipant",
            ]
          }
          title="mockTitle"
        />,
      },
      "ref": null,
      "rendered": Object {
        "instance": null,
        "key": undefined,
        "nodeType": "function",
        "props": Object {
          "amount": "mockAmount",
          "description": "mockDescription",
          "options": Array [
            Object {
              "_id": "mockId",
              "title": "mockTitle",
            },
            Object {
              "_id": "mockId",
              "title": "mockTitle",
            },
          ],
          "partecipants": Array [
            "mockPartecipant",
          ],
          "title": "mockTitle",
        },
        "ref": null,
        "rendered": null,
        "type": [Function],
      },
      "type": Symbol(react.fragment),
    },
  ],
  Symbol(enzyme.__options__): Object {
    "adapter": ReactSixteenAdapter {
      "options": Object {
        "enableComponentDidUpdateOnSetState": true,
        "lifecycles": Object {
          "componentDidUpdate": Object {
            "onSetState": true,
          },
          "getDerivedStateFromProps": true,
          "getSnapshotBeforeUpdate": true,
          "setState": Object {
            "skipsComponentDidUpdateOnNullish": true,
          },
        },
      },
    },
  },
}
`;
